2026-09-11 13:00:46.743: [INFO] CurrentProfilePath: C:\Users\acbul\eclipse-workspace\.metadata\.plugins\org.eclipse.swt\EBWebView\Default
2026-09-11 13:00:46.743: [INFO] Profiles total count: 1
2026-09-11 13:00:46.743: [INFO] Profile: name=Profil 1 path=C:\Users\acbul\eclipse-workspace\.metadata\.plugins\org.eclipse.swt\EBWebView\Default lastActive=null
2026-09-11 13:00:46.743: [INFO] LastUsedProfileDir: C:\Users\acbul\eclipse-workspace\.metadata\.plugins\org.eclipse.swt\EBWebView\Default
2026-09-11 13:00:46.743: [INFO] OnDoneLoading sync enabled: 0
2026-09-11 13:00:46.743: [INFO] BookmarkModelLoaded, ids_reassigned: 0
2026-09-11 13:00:46.743: [INFO] BookmarksLoadDropped droppedNodes=0
2026-09-11 13:00:46.743: [INFO] BookmarksSnapshot Startup total=0 bar=0 other=0 mobile=0 showBar=0 showBarNTP=1
2026-09-11 13:00:59.226: [INFO] BookmarksSnapshot Shutdown total=0 bar=0 other=0 mobile=0 showBar=0 showBarNTP=1
2026-09-11 13:01:00.046: [INFO] CurrentProfilePath: C:\Users\acbul\eclipse-workspace\.metadata\.plugins\org.eclipse.swt\EBWebView\Default
2026-09-11 13:01:00.046: [INFO] Profiles total count: 1
2026-09-11 13:01:00.046: [INFO] Profile: name=Profil 1 path=C:\Users\acbul\eclipse-workspace\.metadata\.plugins\org.eclipse.swt\EBWebView\Default lastActive=null
2026-09-11 13:01:00.046: [INFO] LastUsedProfileDir: C:\Users\acbul\eclipse-workspace\.metadata\.plugins\org.eclipse.swt\EBWebView\Default
2026-09-11 13:01:00.046: [INFO] OnDoneLoading sync enabled: 0
2026-09-11 13:01:00.046: [INFO] BookmarkModelLoaded, ids_reassigned: 0
2026-09-11 13:01:00.046: [INFO] BookmarksLoadDropped droppedNodes=0
2026-09-11 13:01:00.046: [INFO] BookmarksSnapshot Startup total=0 bar=0 other=0 mobile=0 showBar=0 showBarNTP=1
2026-09-11 13:05:52.392: [INFO] BookmarksSnapshot Shutdown total=0 bar=0 other=0 mobile=0 showBar=0 showBarNTP=1
2026-09-11 13:06:21.288: [INFO] CurrentProfilePath: C:\Users\acbul\eclipse-workspace\.metadata\.plugins\org.eclipse.swt\EBWebView\Default
2026-09-11 13:06:21.288: [INFO] Profiles total count: 1
2026-09-11 13:06:21.288: [INFO] Profile: name=Profil 1 path=C:\Users\acbul\eclipse-workspace\.metadata\.plugins\org.eclipse.swt\EBWebView\Default lastActive=null
2026-09-11 13:06:21.288: [INFO] LastUsedProfileDir: C:\Users\acbul\eclipse-workspace\.metadata\.plugins\org.eclipse.swt\EBWebView\Default
2026-09-11 13:06:21.288: [INFO] OnDoneLoading sync enabled: 0
2026-09-11 13:06:21.288: [INFO] BookmarkModelLoaded, ids_reassigned: 0
2026-09-11 13:06:21.288: [INFO] BookmarksLoadDropped droppedNodes=0
2026-09-11 13:06:21.288: [INFO] BookmarksSnapshot Startup total=0 bar=0 other=0 mobile=0 showBar=0 showBarNTP=1
2026-09-11 13:06:32.763: [INFO] BookmarksSnapshot Shutdown total=0 bar=0 other=0 mobile=0 showBar=0 showBarNTP=1
2026-09-11 13:06:34.490: [INFO] CurrentProfilePath: C:\Users\acbul\eclipse-workspace\.metadata\.plugins\org.eclipse.swt\EBWebView\Default
2026-09-11 13:06:34.490: [INFO] Profiles total count: 1
2026-09-11 13:06:34.490: [INFO] Profile: name=Profil 1 path=C:\Users\acbul\eclipse-workspace\.metadata\.plugins\org.eclipse.swt\EBWebView\Default lastActive=2026-09-11T13:06:30.729Z
2026-09-11 13:06:34.490: [INFO] LastUsedProfileDir: C:\Users\acbul\eclipse-workspace\.metadata\.plugins\org.eclipse.swt\EBWebView\Default
2026-09-11 13:06:34.490: [INFO] MostRecentlyActiveProfile: name=Profil 1 path=C:\Users\acbul\eclipse-workspace\.metadata\.plugins\org.eclipse.swt\EBWebView\Default lastActive=2026-09-11T13:06:30.729Z
2026-09-11 13:06:34.490: [INFO] OnDoneLoading sync enabled: 0
2026-09-11 13:06:34.490: [INFO] BookmarkModelLoaded, ids_reassigned: 0
2026-09-11 13:06:34.490: [INFO] BookmarksLoadDropped droppedNodes=0
2026-09-11 13:06:34.490: [INFO] BookmarksSnapshot Startup total=0 bar=0 other=0 mobile=0 showBar=0 showBarNTP=1
2026-09-11 13:08:31.857: [INFO] BookmarksSnapshot Shutdown total=0 bar=0 other=0 mobile=0 showBar=0 showBarNTP=1
2026-09-11 13:39:54.881: [INFO] CurrentProfilePath: C:\Users\acbul\eclipse-workspace\.metadata\.plugins\org.eclipse.swt\EBWebView\Default
2026-09-11 13:39:54.881: [INFO] Profiles total count: 1
2026-09-11 13:39:54.881: [INFO] Profile: name=Profil 1 path=C:\Users\acbul\eclipse-workspace\.metadata\.plugins\org.eclipse.swt\EBWebView\Default lastActive=2026-09-11T13:08:23.533Z
2026-09-11 13:39:54.881: [INFO] LastUsedProfileDir: C:\Users\acbul\eclipse-workspace\.metadata\.plugins\org.eclipse.swt\EBWebView\Default
2026-09-11 13:39:54.881: [INFO] MostRecentlyActiveProfile: name=Profil 1 path=C:\Users\acbul\eclipse-workspace\.metadata\.plugins\org.eclipse.swt\EBWebView\Default lastActive=2026-09-11T13:08:23.533Z
2026-09-11 13:39:54.881: [INFO] OnDoneLoading sync enabled: 0
2026-09-11 13:39:54.881: [INFO] BookmarkModelLoaded, ids_reassigned: 0
2026-09-11 13:39:54.881: [INFO] BookmarksLoadDropped droppedNodes=0
2026-09-11 13:39:54.881: [INFO] BookmarksSnapshot Startup total=0 bar=0 other=0 mobile=0 showBar=0 showBarNTP=1
2026-09-11 13:50:44.387: [INFO] BookmarksSnapshot Shutdown total=0 bar=0 other=0 mobile=0 showBar=0 showBarNTP=1
2026-09-11 13:51:19.951: [INFO] CurrentProfilePath: C:\Users\acbul\eclipse-workspace\.metadata\.plugins\org.eclipse.swt\EBWebView\Default
2026-09-11 13:51:19.951: [INFO] Profiles total count: 1
2026-09-11 13:51:19.951: [INFO] Profile: name=Profil 1 path=C:\Users\acbul\eclipse-workspace\.metadata\.plugins\org.eclipse.swt\EBWebView\Default lastActive=2026-09-11T13:08:23.533Z
2026-09-11 13:51:19.951: [INFO] LastUsedProfileDir: C:\Users\acbul\eclipse-workspace\.metadata\.plugins\org.eclipse.swt\EBWebView\Default
2026-09-11 13:51:19.951: [INFO] MostRecentlyActiveProfile: name=Profil 1 path=C:\Users\acbul\eclipse-workspace\.metadata\.plugins\org.eclipse.swt\EBWebView\Default lastActive=2026-09-11T13:08:23.533Z
2026-09-11 13:51:19.951: [INFO] OnDoneLoading sync enabled: 0
2026-09-11 13:51:19.951: [INFO] BookmarkModelLoaded, ids_reassigned: 0
2026-09-11 13:51:19.951: [INFO] BookmarksLoadDropped droppedNodes=0
2026-09-11 13:51:19.951: [INFO] BookmarksSnapshot Startup total=0 bar=0 other=0 mobile=0 showBar=0 showBarNTP=1
2026-09-11 14:08:28.647: [INFO] BookmarksSnapshot Shutdown total=0 bar=0 other=0 mobile=0 showBar=0 showBarNTP=1
2026-09-11 14:09:02.798: [INFO] CurrentProfilePath: C:\Users\acbul\eclipse-workspace\.metadata\.plugins\org.eclipse.swt\EBWebView\Default
2026-09-11 14:09:02.798: [INFO] Profiles total count: 1
2026-09-11 14:09:02.798: [INFO] Profile: name=Profil 1 path=C:\Users\acbul\eclipse-workspace\.metadata\.plugins\org.eclipse.swt\EBWebView\Default lastActive=2026-09-11T13:51:51.246Z
2026-09-11 14:09:02.798: [INFO] LastUsedProfileDir: C:\Users\acbul\eclipse-workspace\.metadata\.plugins\org.eclipse.swt\EBWebView\Default
2026-09-11 14:09:02.798: [INFO] MostRecentlyActiveProfile: name=Profil 1 path=C:\Users\acbul\eclipse-workspace\.metadata\.plugins\org.eclipse.swt\EBWebView\Default lastActive=2026-09-11T13:51:51.246Z
2026-09-11 14:09:02.798: [INFO] OnDoneLoading sync enabled: 0
2026-09-11 14:09:02.798: [INFO] BookmarkModelLoaded, ids_reassigned: 0
2026-09-11 14:09:02.798: [INFO] BookmarksLoadDropped droppedNodes=0
2026-09-11 14:09:02.798: [INFO] BookmarksSnapshot Startup total=0 bar=0 other=0 mobile=0 showBar=0 showBarNTP=1
2026-09-11 14:09:06.869: [INFO] BookmarksSnapshot Shutdown total=0 bar=0 other=0 mobile=0 showBar=0 showBarNTP=1
2026-09-11 14:12:32.715: [INFO] CurrentProfilePath: C:\Users\acbul\eclipse-workspace\.metadata\.plugins\org.eclipse.swt\EBWebView\Default
2026-09-11 14:12:32.715: [INFO] Profiles total count: 1
2026-09-11 14:12:32.715: [INFO] Profile: name=Profil 1 path=C:\Users\acbul\eclipse-workspace\.metadata\.plugins\org.eclipse.swt\EBWebView\Default lastActive=2026-09-11T14:09:06.240Z
2026-09-11 14:12:32.715: [INFO] LastUsedProfileDir: C:\Users\acbul\eclipse-workspace\.metadata\.plugins\org.eclipse.swt\EBWebView\Default
2026-09-11 14:12:32.715: [INFO] MostRecentlyActiveProfile: name=Profil 1 path=C:\Users\acbul\eclipse-workspace\.metadata\.plugins\org.eclipse.swt\EBWebView\Default lastActive=2026-09-11T14:09:06.240Z
2026-09-11 14:12:32.715: [INFO] OnDoneLoading sync enabled: 0
2026-09-11 14:12:32.715: [INFO] BookmarkModelLoaded, ids_reassigned: 0
2026-09-11 14:12:32.715: [INFO] BookmarksLoadDropped droppedNodes=0
2026-09-11 14:12:32.715: [INFO] BookmarksSnapshot Startup total=0 bar=0 other=0 mobile=0 showBar=0 showBarNTP=1
2026-09-11 14:13:11.249: [INFO] BookmarksSnapshot Shutdown total=0 bar=0 other=0 mobile=0 showBar=0 showBarNTP=1
2026-09-11 14:13:22.374: [INFO] CurrentProfilePath: C:\Users\acbul\eclipse-workspace\.metadata\.plugins\org.eclipse.swt\EBWebView\Default
2026-09-11 14:13:22.374: [INFO] Profiles total count: 1
2026-09-11 14:13:22.374: [INFO] Profile: name=Profil 1 path=C:\Users\acbul\eclipse-workspace\.metadata\.plugins\org.eclipse.swt\EBWebView\Default lastActive=2026-09-11T14:09:06.240Z
2026-09-11 14:13:22.374: [INFO] LastUsedProfileDir: C:\Users\acbul\eclipse-workspace\.metadata\.plugins\org.eclipse.swt\EBWebView\Default
2026-09-11 14:13:22.374: [INFO] MostRecentlyActiveProfile: name=Profil 1 path=C:\Users\acbul\eclipse-workspace\.metadata\.plugins\org.eclipse.swt\EBWebView\Default lastActive=2026-09-11T14:09:06.240Z
2026-09-11 14:13:22.374: [INFO] OnDoneLoading sync enabled: 0
2026-09-11 14:13:22.374: [INFO] BookmarkModelLoaded, ids_reassigned: 0
2026-09-11 14:13:22.374: [INFO] BookmarksLoadDropped droppedNodes=0
2026-09-11 14:13:22.374: [INFO] BookmarksSnapshot Startup total=0 bar=0 other=0 mobile=0 showBar=0 showBarNTP=1
2026-09-11 14:14:34.602: [INFO] BookmarksSnapshot Shutdown total=0 bar=0 other=0 mobile=0 showBar=0 showBarNTP=1
2026-09-11 14:14:47.963: [INFO] CurrentProfilePath: C:\Users\acbul\eclipse-workspace\.metadata\.plugins\org.eclipse.swt\EBWebView\Default
2026-09-11 14:14:47.963: [INFO] Profiles total count: 1
2026-09-11 14:14:47.963: [INFO] Profile: name=Profil 1 path=C:\Users\acbul\eclipse-workspace\.metadata\.plugins\org.eclipse.swt\EBWebView\Default lastActive=2026-09-11T14:09:06.240Z
2026-09-11 14:14:47.963: [INFO] LastUsedProfileDir: C:\Users\acbul\eclipse-workspace\.metadata\.plugins\org.eclipse.swt\EBWebView\Default
2026-09-11 14:14:47.963: [INFO] MostRecentlyActiveProfile: name=Profil 1 path=C:\Users\acbul\eclipse-workspace\.metadata\.plugins\org.eclipse.swt\EBWebView\Default lastActive=2026-09-11T14:09:06.240Z
2026-09-11 14:14:47.963: [INFO] OnDoneLoading sync enabled: 0
2026-09-11 14:14:47.963: [INFO] BookmarkModelLoaded, ids_reassigned: 0
2026-09-11 14:14:47.963: [INFO] BookmarksLoadDropped droppedNodes=0
2026-09-11 14:14:47.963: [INFO] BookmarksSnapshot Startup total=0 bar=0 other=0 mobile=0 showBar=0 showBarNTP=1
2026-09-11 14:55:07.329: [INFO] BookmarksSnapshot Shutdown total=0 bar=0 other=0 mobile=0 showBar=0 showBarNTP=1
2026-09-11 14:55:25.876: [INFO] CurrentProfilePath: C:\Users\acbul\eclipse-workspace\.metadata\.plugins\org.eclipse.swt\EBWebView\Default
2026-09-11 14:55:25.876: [INFO] Profiles total count: 1
2026-09-11 14:55:25.876: [INFO] Profile: name=Profil 1 path=C:\Users\acbul\eclipse-workspace\.metadata\.plugins\org.eclipse.swt\EBWebView\Default lastActive=2026-09-11T14:09:06.240Z
2026-09-11 14:55:25.876: [INFO] LastUsedProfileDir: C:\Users\acbul\eclipse-workspace\.metadata\.plugins\org.eclipse.swt\EBWebView\Default
2026-09-11 14:55:25.876: [INFO] MostRecentlyActiveProfile: name=Profil 1 path=C:\Users\acbul\eclipse-workspace\.metadata\.plugins\org.eclipse.swt\EBWebView\Default lastActive=2026-09-11T14:09:06.240Z
2026-09-11 14:55:25.876: [INFO] OnDoneLoading sync enabled: 0
2026-09-11 14:55:25.876: [INFO] BookmarkModelLoaded, ids_reassigned: 0
2026-09-11 14:55:25.876: [INFO] BookmarksLoadDropped droppedNodes=0
2026-09-11 14:55:25.876: [INFO] BookmarksSnapshot Startup total=0 bar=0 other=0 mobile=0 showBar=0 showBarNTP=1
2026-09-11 17:22:34.427: [INFO] BookmarksSnapshot Shutdown total=0 bar=0 other=0 mobile=0 showBar=0 showBarNTP=1
2026-09-11 17:29:35.442: [INFO] CurrentProfilePath: C:\Users\acbul\eclipse-workspace\.metadata\.plugins\org.eclipse.swt\EBWebView\Default
2026-09-11 17:29:35.442: [INFO] Profiles total count: 1
2026-09-11 17:29:35.442: [INFO] Profile: name=Profil 1 path=C:\Users\acbul\eclipse-workspace\.metadata\.plugins\org.eclipse.swt\EBWebView\Default lastActive=2026-09-11T14:09:06.240Z
2026-09-11 17:29:35.442: [INFO] LastUsedProfileDir: C:\Users\acbul\eclipse-workspace\.metadata\.plugins\org.eclipse.swt\EBWebView\Default
2026-09-11 17:29:35.442: [INFO] MostRecentlyActiveProfile: name=Profil 1 path=C:\Users\acbul\eclipse-workspace\.metadata\.plugins\org.eclipse.swt\EBWebView\Default lastActive=2026-09-11T14:09:06.240Z
2026-09-11 17:29:35.442: [INFO] OnDoneLoading sync enabled: 0
2026-09-11 17:29:35.442: [INFO] BookmarkModelLoaded, ids_reassigned: 0
2026-09-11 17:29:35.442: [INFO] BookmarksLoadDropped droppedNodes=0
2026-09-11 17:29:35.442: [INFO] BookmarksSnapshot Startup total=0 bar=0 other=0 mobile=0 showBar=0 showBarNTP=1
2026-09-11 17:37:54.838: [INFO] BookmarksSnapshot Shutdown total=0 bar=0 other=0 mobile=0 showBar=0 showBarNTP=1
2026-09-11 17:38:43.843: [INFO] CurrentProfilePath: C:\Users\acbul\eclipse-workspace\.metadata\.plugins\org.eclipse.swt\EBWebView\Default
2026-09-11 17:38:43.843: [INFO] Profiles total count: 1
2026-09-11 17:38:43.843: [INFO] Profile: name=Profil 1 path=C:\Users\acbul\eclipse-workspace\.metadata\.plugins\org.eclipse.swt\EBWebView\Default lastActive=2026-09-11T17:29:35.552Z
2026-09-11 17:38:43.843: [INFO] LastUsedProfileDir: C:\Users\acbul\eclipse-workspace\.metadata\.plugins\org.eclipse.swt\EBWebView\Default
2026-09-11 17:38:43.843: [INFO] MostRecentlyActiveProfile: name=Profil 1 path=C:\Users\acbul\eclipse-workspace\.metadata\.plugins\org.eclipse.swt\EBWebView\Default lastActive=2026-09-11T17:29:35.552Z
2026-09-11 17:38:43.843: [INFO] OnDoneLoading sync enabled: 0
2026-09-11 17:38:43.843: [INFO] BookmarkModelLoaded, ids_reassigned: 0
2026-09-11 17:38:43.843: [INFO] BookmarksLoadDropped droppedNodes=0
2026-09-11 17:38:43.843: [INFO] BookmarksSnapshot Startup total=0 bar=0 other=0 mobile=0 showBar=0 showBarNTP=1
2026-09-11 17:39:04.317: [INFO] BookmarksSnapshot Shutdown total=0 bar=0 other=0 mobile=0 showBar=0 showBarNTP=1
2026-09-11 17:40:11.061: [INFO] CurrentProfilePath: C:\Users\acbul\eclipse-workspace\.metadata\.plugins\org.eclipse.swt\EBWebView\Default
2026-09-11 17:40:11.061: [INFO] Profiles total count: 1
2026-09-11 17:40:11.061: [INFO] Profile: name=Profil 1 path=C:\Users\acbul\eclipse-workspace\.metadata\.plugins\org.eclipse.swt\EBWebView\Default lastActive=2026-09-11T17:39:03.087Z
2026-09-11 17:40:11.061: [INFO] LastUsedProfileDir: C:\Users\acbul\eclipse-workspace\.metadata\.plugins\org.eclipse.swt\EBWebView\Default
2026-09-11 17:40:11.061: [INFO] MostRecentlyActiveProfile: name=Profil 1 path=C:\Users\acbul\eclipse-workspace\.metadata\.plugins\org.eclipse.swt\EBWebView\Default lastActive=2026-09-11T17:39:03.087Z
2026-09-11 17:40:11.061: [INFO] OnDoneLoading sync enabled: 0
2026-09-11 17:40:11.061: [INFO] BookmarkModelLoaded, ids_reassigned: 0
2026-09-11 17:40:11.061: [INFO] BookmarksLoadDropped droppedNodes=0
2026-09-11 17:40:11.061: [INFO] BookmarksSnapshot Startup total=0 bar=0 other=0 mobile=0 showBar=0 showBarNTP=1
2026-09-11 17:44:07.971: [INFO] BookmarksSnapshot Shutdown total=0 bar=0 other=0 mobile=0 showBar=0 showBarNTP=1
2026-09-11 17:44:48.789: [INFO] CurrentProfilePath: C:\Users\acbul\eclipse-workspace\.metadata\.plugins\org.eclipse.swt\EBWebView\Default
2026-09-11 17:44:48.789: [INFO] Profiles total count: 1
2026-09-11 17:44:48.789: [INFO] Profile: name=Profil 1 path=C:\Users\acbul\eclipse-workspace\.metadata\.plugins\org.eclipse.swt\EBWebView\Default lastActive=2026-09-11T17:39:03.087Z
2026-09-11 17:44:48.789: [INFO] LastUsedProfileDir: C:\Users\acbul\eclipse-workspace\.metadata\.plugins\org.eclipse.swt\EBWebView\Default
2026-09-11 17:44:48.789: [INFO] MostRecentlyActiveProfile: name=Profil 1 path=C:\Users\acbul\eclipse-workspace\.metadata\.plugins\org.eclipse.swt\EBWebView\Default lastActive=2026-09-11T17:39:03.087Z
2026-09-11 17:44:48.789: [INFO] OnDoneLoading sync enabled: 0
2026-09-11 17:44:48.789: [INFO] BookmarkModelLoaded, ids_reassigned: 0
2026-09-11 17:44:48.789: [INFO] BookmarksLoadDropped droppedNodes=0
2026-09-11 17:44:48.789: [INFO] BookmarksSnapshot Startup total=0 bar=0 other=0 mobile=0 showBar=0 showBarNTP=1
2026-09-11 17:45:04.143: [INFO] BookmarksSnapshot Shutdown total=0 bar=0 other=0 mobile=0 showBar=0 showBarNTP=1
2026-09-11 17:50:35.962: [INFO] CurrentProfilePath: C:\Users\acbul\eclipse-workspace\.metadata\.plugins\org.eclipse.swt\EBWebView\Default
2026-09-11 17:50:35.962: [INFO] Profiles total count: 1
2026-09-11 17:50:35.962: [INFO] Profile: name=Profil 1 path=C:\Users\acbul\eclipse-workspace\.metadata\.plugins\org.eclipse.swt\EBWebView\Default lastActive=2026-09-11T17:39:03.087Z
2026-09-11 17:50:35.962: [INFO] LastUsedProfileDir: C:\Users\acbul\eclipse-workspace\.metadata\.plugins\org.eclipse.swt\EBWebView\Default
2026-09-11 17:50:35.962: [INFO] MostRecentlyActiveProfile: name=Profil 1 path=C:\Users\acbul\eclipse-workspace\.metadata\.plugins\org.eclipse.swt\EBWebView\Default lastActive=2026-09-11T17:39:03.087Z
2026-09-11 17:50:35.962: [INFO] OnDoneLoading sync enabled: 0
2026-09-11 17:50:35.962: [INFO] BookmarkModelLoaded, ids_reassigned: 0
2026-09-11 17:50:35.963: [INFO] BookmarksLoadDropped droppedNodes=0
2026-09-11 17:50:35.963: [INFO] BookmarksSnapshot Startup total=0 bar=0 other=0 mobile=0 showBar=0 showBarNTP=1
2026-09-11 17:50:53.890: [INFO] BookmarksSnapshot Shutdown total=0 bar=0 other=0 mobile=0 showBar=0 showBarNTP=1
2026-09-11 17:51:09.806: [INFO] CurrentProfilePath: C:\Users\acbul\eclipse-workspace\.metadata\.plugins\org.eclipse.swt\EBWebView\Default
2026-09-11 17:51:09.806: [INFO] Profiles total count: 1
2026-09-11 17:51:09.806: [INFO] Profile: name=Profil 1 path=C:\Users\acbul\eclipse-workspace\.metadata\.plugins\org.eclipse.swt\EBWebView\Default lastActive=2026-09-11T17:39:03.087Z
2026-09-11 17:51:09.806: [INFO] LastUsedProfileDir: C:\Users\acbul\eclipse-workspace\.metadata\.plugins\org.eclipse.swt\EBWebView\Default
2026-09-11 17:51:09.806: [INFO] MostRecentlyActiveProfile: name=Profil 1 path=C:\Users\acbul\eclipse-workspace\.metadata\.plugins\org.eclipse.swt\EBWebView\Default lastActive=2026-09-11T17:39:03.087Z
2026-09-11 17:51:09.806: [INFO] OnDoneLoading sync enabled: 0
2026-09-11 17:51:09.806: [INFO] BookmarkModelLoaded, ids_reassigned: 0
2026-09-11 17:51:09.806: [INFO] BookmarksLoadDropped droppedNodes=0
2026-09-11 17:51:09.806: [INFO] BookmarksSnapshot Startup total=0 bar=0 other=0 mobile=0 showBar=0 showBarNTP=1
2026-09-11 18:35:26.154: [INFO] BookmarksSnapshot Shutdown total=0 bar=0 other=0 mobile=0 showBar=0 showBarNTP=1
2026-09-11 18:36:08.679: [INFO] CurrentProfilePath: C:\Users\acbul\eclipse-workspace\.metadata\.plugins\org.eclipse.swt\EBWebView\Default
2026-09-11 18:36:08.679: [INFO] Profiles total count: 1
2026-09-11 18:36:08.679: [INFO] Profile: name=Profil 1 path=C:\Users\acbul\eclipse-workspace\.metadata\.plugins\org.eclipse.swt\EBWebView\Default lastActive=2026-09-11T17:51:14.171Z
2026-09-11 18:36:08.679: [INFO] LastUsedProfileDir: C:\Users\acbul\eclipse-workspace\.metadata\.plugins\org.eclipse.swt\EBWebView\Default
2026-09-11 18:36:08.679: [INFO] MostRecentlyActiveProfile: name=Profil 1 path=C:\Users\acbul\eclipse-workspace\.metadata\.plugins\org.eclipse.swt\EBWebView\Default lastActive=2026-09-11T17:51:14.171Z
2026-09-11 18:36:08.679: [INFO] OnDoneLoading sync enabled: 0
2026-09-11 18:36:08.679: [INFO] BookmarkModelLoaded, ids_reassigned: 0
2026-09-11 18:36:08.679: [INFO] BookmarksLoadDropped droppedNodes=0
2026-09-11 18:36:08.679: [INFO] BookmarksSnapshot Startup total=0 bar=0 other=0 mobile=0 showBar=0 showBarNTP=1
2026-09-11 18:37:00.786: [INFO] BookmarksSnapshot Shutdown total=0 bar=0 other=0 mobile=0 showBar=0 showBarNTP=1
2026-09-11 18:44:31.216: [INFO] CurrentProfilePath: C:\Users\acbul\eclipse-workspace\.metadata\.plugins\org.eclipse.swt\EBWebView\Default
2026-09-11 18:44:31.216: [INFO] Profiles total count: 1
2026-09-11 18:44:31.216: [INFO] Profile: name=Profil 1 path=C:\Users\acbul\eclipse-workspace\.metadata\.plugins\org.eclipse.swt\EBWebView\Default lastActive=2026-09-11T17:51:14.171Z
2026-09-11 18:44:31.216: [INFO] LastUsedProfileDir: C:\Users\acbul\eclipse-workspace\.metadata\.plugins\org.eclipse.swt\EBWebView\Default
2026-09-11 18:44:31.216: [INFO] MostRecentlyActiveProfile: name=Profil 1 path=C:\Users\acbul\eclipse-workspace\.metadata\.plugins\org.eclipse.swt\EBWebView\Default lastActive=2026-09-11T17:51:14.171Z
2026-09-11 18:44:31.216: [INFO] OnDoneLoading sync enabled: 0
2026-09-11 18:44:31.216: [INFO] BookmarkModelLoaded, ids_reassigned: 0
2026-09-11 18:44:31.216: [INFO] BookmarksLoadDropped droppedNodes=0
2026-09-11 18:44:31.216: [INFO] BookmarksSnapshot Startup total=0 bar=0 other=0 mobile=0 showBar=0 showBarNTP=1
2026-09-11 18:45:27.512: [INFO] BookmarksSnapshot Shutdown total=0 bar=0 other=0 mobile=0 showBar=0 showBarNTP=1
2026-09-11 18:45:47.297: [INFO] CurrentProfilePath: C:\Users\acbul\eclipse-workspace\.metadata\.plugins\org.eclipse.swt\EBWebView\Default
2026-09-11 18:45:47.297: [INFO] Profiles total count: 1
2026-09-11 18:45:47.297: [INFO] Profile: name=Profil 1 path=C:\Users\acbul\eclipse-workspace\.metadata\.plugins\org.eclipse.swt\EBWebView\Default lastActive=2026-09-11T17:51:14.171Z
2026-09-11 18:45:47.297: [INFO] LastUsedProfileDir: C:\Users\acbul\eclipse-workspace\.metadata\.plugins\org.eclipse.swt\EBWebView\Default
2026-09-11 18:45:47.297: [INFO] MostRecentlyActiveProfile: name=Profil 1 path=C:\Users\acbul\eclipse-workspace\.metadata\.plugins\org.eclipse.swt\EBWebView\Default lastActive=2026-09-11T17:51:14.171Z
2026-09-11 18:45:47.297: [INFO] OnDoneLoading sync enabled: 0
2026-09-11 18:45:47.297: [INFO] BookmarkModelLoaded, ids_reassigned: 0
2026-09-11 18:45:47.297: [INFO] BookmarksLoadDropped droppedNodes=0
2026-09-11 18:45:47.297: [INFO] BookmarksSnapshot Startup total=0 bar=0 other=0 mobile=0 showBar=0 showBarNTP=1
2026-09-11 18:45:55.271: [INFO] BookmarksSnapshot Shutdown total=0 bar=0 other=0 mobile=0 showBar=0 showBarNTP=1
2026-09-11 18:48:52.085: [INFO] CurrentProfilePath: C:\Users\acbul\eclipse-workspace\.metadata\.plugins\org.eclipse.swt\EBWebView\Default
2026-09-11 18:48:52.085: [INFO] Profiles total count: 1
2026-09-11 18:48:52.085: [INFO] Profile: name=Profil 1 path=C:\Users\acbul\eclipse-workspace\.metadata\.plugins\org.eclipse.swt\EBWebView\Default lastActive=2026-09-11T17:51:14.171Z
2026-09-11 18:48:52.085: [INFO] LastUsedProfileDir: C:\Users\acbul\eclipse-workspace\.metadata\.plugins\org.eclipse.swt\EBWebView\Default
2026-09-11 18:48:52.085: [INFO] MostRecentlyActiveProfile: name=Profil 1 path=C:\Users\acbul\eclipse-workspace\.metadata\.plugins\org.eclipse.swt\EBWebView\Default lastActive=2026-09-11T17:51:14.171Z
2026-09-11 18:48:52.085: [INFO] OnDoneLoading sync enabled: 0
2026-09-11 18:48:52.085: [INFO] BookmarkModelLoaded, ids_reassigned: 0
2026-09-11 18:48:52.085: [INFO] BookmarksLoadDropped droppedNodes=0
2026-09-11 18:48:52.085: [INFO] BookmarksSnapshot Startup total=0 bar=0 other=0 mobile=0 showBar=0 showBarNTP=1
2026-09-11 18:57:17.663: [INFO] BookmarksSnapshot Shutdown total=0 bar=0 other=0 mobile=0 showBar=0 showBarNTP=1
2026-09-11 18:58:10.170: [INFO] CurrentProfilePath: C:\Users\acbul\eclipse-workspace\.metadata\.plugins\org.eclipse.swt\EBWebView\Default
2026-09-11 18:58:10.170: [INFO] Profiles total count: 1
2026-09-11 18:58:10.170: [INFO] Profile: name=Profil 1 path=C:\Users\acbul\eclipse-workspace\.metadata\.plugins\org.eclipse.swt\EBWebView\Default lastActive=2026-09-11T17:51:14.171Z
2026-09-11 18:58:10.170: [INFO] LastUsedProfileDir: C:\Users\acbul\eclipse-workspace\.metadata\.plugins\org.eclipse.swt\EBWebView\Default
2026-09-11 18:58:10.170: [INFO] MostRecentlyActiveProfile: name=Profil 1 path=C:\Users\acbul\eclipse-workspace\.metadata\.plugins\org.eclipse.swt\EBWebView\Default lastActive=2026-09-11T17:51:14.171Z
2026-09-11 18:58:10.170: [INFO] OnDoneLoading sync enabled: 0
2026-09-11 18:58:10.170: [INFO] BookmarkModelLoaded, ids_reassigned: 0
2026-09-11 18:58:10.170: [INFO] BookmarksLoadDropped droppedNodes=0
2026-09-11 18:58:10.170: [INFO] BookmarksSnapshot Startup total=0 bar=0 other=0 mobile=0 showBar=0 showBarNTP=1
2026-09-11 18:58:13.650: [INFO] BookmarksSnapshot Shutdown total=0 bar=0 other=0 mobile=0 showBar=0 showBarNTP=1
2026-09-11 19:02:26.011: [INFO] CurrentProfilePath: C:\Users\acbul\eclipse-workspace\.metadata\.plugins\org.eclipse.swt\EBWebView\Default
2026-09-11 19:02:26.011: [INFO] Profiles total count: 1
2026-09-11 19:02:26.011: [INFO] Profile: name=Profil 1 path=C:\Users\acbul\eclipse-workspace\.metadata\.plugins\org.eclipse.swt\EBWebView\Default lastActive=2026-09-11T17:51:14.171Z
2026-09-11 19:02:26.011: [INFO] LastUsedProfileDir: C:\Users\acbul\eclipse-workspace\.metadata\.plugins\org.eclipse.swt\EBWebView\Default
2026-09-11 19:02:26.011: [INFO] MostRecentlyActiveProfile: name=Profil 1 path=C:\Users\acbul\eclipse-workspace\.metadata\.plugins\org.eclipse.swt\EBWebView\Default lastActive=2026-09-11T17:51:14.171Z
2026-09-11 19:02:26.011: [INFO] OnDoneLoading sync enabled: 0
2026-09-11 19:02:26.011: [INFO] BookmarkModelLoaded, ids_reassigned: 0
2026-09-11 19:02:26.011: [INFO] BookmarksLoadDropped droppedNodes=0
2026-09-11 19:02:26.011: [INFO] BookmarksSnapshot Startup total=0 bar=0 other=0 mobile=0 showBar=0 showBarNTP=1
2026-09-11 19:02:29.511: [INFO] BookmarksSnapshot Shutdown total=0 bar=0 other=0 mobile=0 showBar=0 showBarNTP=1
2026-09-11 19:07:11.019: [INFO] CurrentProfilePath: C:\Users\acbul\eclipse-workspace\.metadata\.plugins\org.eclipse.swt\EBWebView\Default
2026-09-11 19:07:11.019: [INFO] Profiles total count: 1
2026-09-11 19:07:11.019: [INFO] Profile: name=Profil 1 path=C:\Users\acbul\eclipse-workspace\.metadata\.plugins\org.eclipse.swt\EBWebView\Default lastActive=2026-09-11T17:51:14.171Z
2026-09-11 19:07:11.019: [INFO] LastUsedProfileDir: C:\Users\acbul\eclipse-workspace\.metadata\.plugins\org.eclipse.swt\EBWebView\Default
2026-09-11 19:07:11.019: [INFO] MostRecentlyActiveProfile: name=Profil 1 path=C:\Users\acbul\eclipse-workspace\.metadata\.plugins\org.eclipse.swt\EBWebView\Default lastActive=2026-09-11T17:51:14.171Z
2026-09-11 19:07:11.019: [INFO] OnDoneLoading sync enabled: 0
2026-09-11 19:07:11.019: [INFO] BookmarkModelLoaded, ids_reassigned: 0
2026-09-11 19:07:11.019: [INFO] BookmarksLoadDropped droppedNodes=0
2026-09-11 19:07:11.019: [INFO] BookmarksSnapshot Startup total=0 bar=0 other=0 mobile=0 showBar=0 showBarNTP=1
2026-09-11 19:07:24.902: [INFO] BookmarksSnapshot Shutdown total=0 bar=0 other=0 mobile=0 showBar=0 showBarNTP=1
2026-09-11 19:07:25.599: [INFO] CurrentProfilePath: C:\Users\acbul\eclipse-workspace\.metadata\.plugins\org.eclipse.swt\EBWebView\Default
2026-09-11 19:07:25.599: [INFO] Profiles total count: 1
2026-09-11 19:07:25.599: [INFO] Profile: name=Profil 1 path=C:\Users\acbul\eclipse-workspace\.metadata\.plugins\org.eclipse.swt\EBWebView\Default lastActive=2026-09-11T17:51:14.171Z
2026-09-11 19:07:25.599: [INFO] LastUsedProfileDir: C:\Users\acbul\eclipse-workspace\.metadata\.plugins\org.eclipse.swt\EBWebView\Default
2026-09-11 19:07:25.599: [INFO] MostRecentlyActiveProfile: name=Profil 1 path=C:\Users\acbul\eclipse-workspace\.metadata\.plugins\org.eclipse.swt\EBWebView\Default lastActive=2026-09-11T17:51:14.171Z
2026-09-11 19:07:25.599: [INFO] OnDoneLoading sync enabled: 0
2026-09-11 19:07:25.599: [INFO] BookmarkModelLoaded, ids_reassigned: 0
2026-09-11 19:07:25.599: [INFO] BookmarksLoadDropped droppedNodes=0
2026-09-11 19:07:25.599: [INFO] BookmarksSnapshot Startup total=0 bar=0 other=0 mobile=0 showBar=0 showBarNTP=1
2026-09-11 21:04:28.304: [INFO] BookmarksSnapshot Shutdown total=0 bar=0 other=0 mobile=0 showBar=0 showBarNTP=1
2026-09-11 21:16:26.145: [INFO] CurrentProfilePath: C:\Users\acbul\eclipse-workspace\.metadata\.plugins\org.eclipse.swt\EBWebView\Default
2026-09-11 21:16:26.145: [INFO] Profiles total count: 1
2026-09-11 21:16:26.145: [INFO] Profile: name=Profil 1 path=C:\Users\acbul\eclipse-workspace\.metadata\.plugins\org.eclipse.swt\EBWebView\Default lastActive=2026-09-11T17:51:14.171Z
2026-09-11 21:16:26.145: [INFO] LastUsedProfileDir: C:\Users\acbul\eclipse-workspace\.metadata\.plugins\org.eclipse.swt\EBWebView\Default
2026-09-11 21:16:26.145: [INFO] MostRecentlyActiveProfile: name=Profil 1 path=C:\Users\acbul\eclipse-workspace\.metadata\.plugins\org.eclipse.swt\EBWebView\Default lastActive=2026-09-11T17:51:14.171Z
2026-09-11 21:16:26.145: [INFO] OnDoneLoading sync enabled: 0
2026-09-11 21:16:26.145: [INFO] BookmarkModelLoaded, ids_reassigned: 0
2026-09-11 21:16:26.145: [INFO] BookmarksLoadDropped droppedNodes=0
2026-09-11 21:16:26.145: [INFO] BookmarksSnapshot Startup total=0 bar=0 other=0 mobile=0 showBar=0 showBarNTP=1
2026-09-11 21:17:17.110: [INFO] BookmarksSnapshot Shutdown total=0 bar=0 other=0 mobile=0 showBar=0 showBarNTP=1
2026-09-11 21:18:07.715: [INFO] CurrentProfilePath: C:\Users\acbul\eclipse-workspace\.metadata\.plugins\org.eclipse.swt\EBWebView\Default
2026-09-11 21:18:07.715: [INFO] Profiles total count: 1
2026-09-11 21:18:07.715: [INFO] Profile: name=Profil 1 path=C:\Users\acbul\eclipse-workspace\.metadata\.plugins\org.eclipse.swt\EBWebView\Default lastActive=2026-09-11T17:51:14.171Z
2026-09-11 21:18:07.715: [INFO] LastUsedProfileDir: C:\Users\acbul\eclipse-workspace\.metadata\.plugins\org.eclipse.swt\EBWebView\Default
2026-09-11 21:18:07.715: [INFO] MostRecentlyActiveProfile: name=Profil 1 path=C:\Users\acbul\eclipse-workspace\.metadata\.plugins\org.eclipse.swt\EBWebView\Default lastActive=2026-09-11T17:51:14.171Z
2026-09-11 21:18:07.715: [INFO] OnDoneLoading sync enabled: 0
2026-09-11 21:18:07.715: [INFO] BookmarkModelLoaded, ids_reassigned: 0
2026-09-11 21:18:07.715: [INFO] BookmarksLoadDropped droppedNodes=0
2026-09-11 21:18:07.715: [INFO] BookmarksSnapshot Startup total=0 bar=0 other=0 mobile=0 showBar=0 showBarNTP=1
2026-09-11 21:18:21.385: [INFO] BookmarksSnapshot Shutdown total=0 bar=0 other=0 mobile=0 showBar=0 showBarNTP=1
2026-09-11 21:19:14.166: [INFO] CurrentProfilePath: C:\Users\acbul\eclipse-workspace\.metadata\.plugins\org.eclipse.swt\EBWebView\Default
2026-09-11 21:19:14.166: [INFO] Profiles total count: 1
2026-09-11 21:19:14.166: [INFO] Profile: name=Profil 1 path=C:\Users\acbul\eclipse-workspace\.metadata\.plugins\org.eclipse.swt\EBWebView\Default lastActive=2026-09-11T17:51:14.171Z
2026-09-11 21:19:14.166: [INFO] LastUsedProfileDir: C:\Users\acbul\eclipse-workspace\.metadata\.plugins\org.eclipse.swt\EBWebView\Default
2026-09-11 21:19:14.166: [INFO] MostRecentlyActiveProfile: name=Profil 1 path=C:\Users\acbul\eclipse-workspace\.metadata\.plugins\org.eclipse.swt\EBWebView\Default lastActive=2026-09-11T17:51:14.171Z
2026-09-11 21:19:14.166: [INFO] OnDoneLoading sync enabled: 0
2026-09-11 21:19:14.166: [INFO] BookmarkModelLoaded, ids_reassigned: 0
2026-09-11 21:19:14.166: [INFO] BookmarksLoadDropped droppedNodes=0
2026-09-11 21:19:14.166: [INFO] BookmarksSnapshot Startup total=0 bar=0 other=0 mobile=0 showBar=0 showBarNTP=1
2026-09-11 21:25:40.503: [INFO] BookmarksSnapshot Shutdown total=0 bar=0 other=0 mobile=0 showBar=0 showBarNTP=1
2026-09-11 21:26:11.417: [INFO] CurrentProfilePath: C:\Users\acbul\eclipse-workspace\.metadata\.plugins\org.eclipse.swt\EBWebView\Default
2026-09-11 21:26:11.417: [INFO] Profiles total count: 1
2026-09-11 21:26:11.417: [INFO] Profile: name=Profil 1 path=C:\Users\acbul\eclipse-workspace\.metadata\.plugins\org.eclipse.swt\EBWebView\Default lastActive=2026-09-11T17:51:14.171Z
2026-09-11 21:26:11.417: [INFO] LastUsedProfileDir: C:\Users\acbul\eclipse-workspace\.metadata\.plugins\org.eclipse.swt\EBWebView\Default
2026-09-11 21:26:11.417: [INFO] MostRecentlyActiveProfile: name=Profil 1 path=C:\Users\acbul\eclipse-workspace\.metadata\.plugins\org.eclipse.swt\EBWebView\Default lastActive=2026-09-11T17:51:14.171Z
2026-09-11 21:26:11.417: [INFO] OnDoneLoading sync enabled: 0
2026-09-11 21:26:11.417: [INFO] BookmarkModelLoaded, ids_reassigned: 0
2026-09-11 21:26:11.417: [INFO] BookmarksLoadDropped droppedNodes=0
2026-09-11 21:26:11.417: [INFO] BookmarksSnapshot Startup total=0 bar=0 other=0 mobile=0 showBar=0 showBarNTP=1
2026-09-11 21:27:22.475: [INFO] BookmarksSnapshot Shutdown total=0 bar=0 other=0 mobile=0 showBar=0 showBarNTP=1
2026-09-11 21:27:28.954: [INFO] CurrentProfilePath: C:\Users\acbul\eclipse-workspace\.metadata\.plugins\org.eclipse.swt\EBWebView\Default
2026-09-11 21:27:28.954: [INFO] Profiles total count: 1
2026-09-11 21:27:28.954: [INFO] Profile: name=Profil 1 path=C:\Users\acbul\eclipse-workspace\.metadata\.plugins\org.eclipse.swt\EBWebView\Default lastActive=2026-09-11T17:51:14.171Z
2026-09-11 21:27:28.954: [INFO] LastUsedProfileDir: C:\Users\acbul\eclipse-workspace\.metadata\.plugins\org.eclipse.swt\EBWebView\Default
2026-09-11 21:27:28.954: [INFO] MostRecentlyActiveProfile: name=Profil 1 path=C:\Users\acbul\eclipse-workspace\.metadata\.plugins\org.eclipse.swt\EBWebView\Default lastActive=2026-09-11T17:51:14.171Z
2026-09-11 21:27:28.954: [INFO] OnDoneLoading sync enabled: 0
2026-09-11 21:27:28.954: [INFO] BookmarkModelLoaded, ids_reassigned: 0
2026-09-11 21:27:28.954: [INFO] BookmarksLoadDropped droppedNodes=0
2026-09-11 21:27:28.954: [INFO] BookmarksSnapshot Startup total=0 bar=0 other=0 mobile=0 showBar=0 showBarNTP=1
2026-09-12 13:19:06.769: [INFO] BookmarksSnapshot Shutdown total=0 bar=0 other=0 mobile=0 showBar=0 showBarNTP=1
2026-09-12 13:31:25.670: [INFO] CurrentProfilePath: C:\Users\acbul\eclipse-workspace\.metadata\.plugins\org.eclipse.swt\EBWebView\Default
2026-09-12 13:31:25.670: [INFO] Profiles total count: 1
2026-09-12 13:31:25.670: [INFO] Profile: name=Profil 1 path=C:\Users\acbul\eclipse-workspace\.metadata\.plugins\org.eclipse.swt\EBWebView\Default lastActive=2026-09-11T17:51:14.171Z
2026-09-12 13:31:25.670: [INFO] LastUsedProfileDir: C:\Users\acbul\eclipse-workspace\.metadata\.plugins\org.eclipse.swt\EBWebView\Default
2026-09-12 13:31:25.670: [INFO] MostRecentlyActiveProfile: name=Profil 1 path=C:\Users\acbul\eclipse-workspace\.metadata\.plugins\org.eclipse.swt\EBWebView\Default lastActive=2026-09-11T17:51:14.171Z
2026-09-12 13:31:25.670: [INFO] OnDoneLoading sync enabled: 0
2026-09-12 13:31:25.670: [INFO] BookmarkModelLoaded, ids_reassigned: 0
2026-09-12 13:31:25.670: [INFO] BookmarksLoadDropped droppedNodes=0
2026-09-12 13:31:25.670: [INFO] BookmarksSnapshot Startup total=0 bar=0 other=0 mobile=0 showBar=0 showBarNTP=1
2026-09-12 13:31:50.114: [INFO] BookmarksSnapshot Shutdown total=0 bar=0 other=0 mobile=0 showBar=0 showBarNTP=1
2026-09-12 13:38:02.312: [INFO] CurrentProfilePath: C:\Users\acbul\eclipse-workspace\.metadata\.plugins\org.eclipse.swt\EBWebView\Default
2026-09-12 13:38:02.312: [INFO] Profiles total count: 1
2026-09-12 13:38:02.312: [INFO] Profile: name=Profil 1 path=C:\Users\acbul\eclipse-workspace\.metadata\.plugins\org.eclipse.swt\EBWebView\Default lastActive=2026-09-11T17:51:14.171Z
2026-09-12 13:38:02.312: [INFO] LastUsedProfileDir: C:\Users\acbul\eclipse-workspace\.metadata\.plugins\org.eclipse.swt\EBWebView\Default
2026-09-12 13:38:02.312: [INFO] MostRecentlyActiveProfile: name=Profil 1 path=C:\Users\acbul\eclipse-workspace\.metadata\.plugins\org.eclipse.swt\EBWebView\Default lastActive=2026-09-11T17:51:14.171Z
2026-09-12 13:38:02.312: [INFO] OnDoneLoading sync enabled: 0
2026-09-12 13:38:02.312: [INFO] BookmarkModelLoaded, ids_reassigned: 0
2026-09-12 13:38:02.312: [INFO] BookmarksLoadDropped droppedNodes=0
2026-09-12 13:38:02.312: [INFO] BookmarksSnapshot Startup total=0 bar=0 other=0 mobile=0 showBar=0 showBarNTP=1
2026-09-12 13:49:19.912: [INFO] BookmarksSnapshot Shutdown total=0 bar=0 other=0 mobile=0 showBar=0 showBarNTP=1
2026-09-12 13:51:22.705: [INFO] CurrentProfilePath: C:\Users\acbul\eclipse-workspace\.metadata\.plugins\org.eclipse.swt\EBWebView\Default
2026-09-12 13:51:22.705: [INFO] Profiles total count: 1
2026-09-12 13:51:22.705: [INFO] Profile: name=Profil 1 path=C:\Users\acbul\eclipse-workspace\.metadata\.plugins\org.eclipse.swt\EBWebView\Default lastActive=2026-09-11T17:51:14.171Z
2026-09-12 13:51:22.705: [INFO] LastUsedProfileDir: C:\Users\acbul\eclipse-workspace\.metadata\.plugins\org.eclipse.swt\EBWebView\Default
2026-09-12 13:51:22.706: [INFO] MostRecentlyActiveProfile: name=Profil 1 path=C:\Users\acbul\eclipse-workspace\.metadata\.plugins\org.eclipse.swt\EBWebView\Default lastActive=2026-09-11T17:51:14.171Z
2026-09-12 13:51:22.706: [INFO] OnDoneLoading sync enabled: 0
2026-09-12 13:51:22.706: [INFO] BookmarkModelLoaded, ids_reassigned: 0
2026-09-12 13:51:22.706: [INFO] BookmarksLoadDropped droppedNodes=0
2026-09-12 13:51:22.706: [INFO] BookmarksSnapshot Startup total=0 bar=0 other=0 mobile=0 showBar=0 showBarNTP=1
2026-09-12 13:51:27.231: [INFO] BookmarksSnapshot Shutdown total=0 bar=0 other=0 mobile=0 showBar=0 showBarNTP=1
2026-09-12 14:33:44.545: [INFO] CurrentProfilePath: C:\Users\acbul\eclipse-workspace\.metadata\.plugins\org.eclipse.swt\EBWebView\Default
2026-09-12 14:33:44.545: [INFO] Profiles total count: 1
2026-09-12 14:33:44.545: [INFO] Profile: name=Profil 1 path=C:\Users\acbul\eclipse-workspace\.metadata\.plugins\org.eclipse.swt\EBWebView\Default lastActive=2026-09-11T17:51:14.171Z
2026-09-12 14:33:44.545: [INFO] LastUsedProfileDir: C:\Users\acbul\eclipse-workspace\.metadata\.plugins\org.eclipse.swt\EBWebView\Default
2026-09-12 14:33:44.545: [INFO] MostRecentlyActiveProfile: name=Profil 1 path=C:\Users\acbul\eclipse-workspace\.metadata\.plugins\org.eclipse.swt\EBWebView\Default lastActive=2026-09-11T17:51:14.171Z
2026-09-12 14:33:44.545: [INFO] OnDoneLoading sync enabled: 0
2026-09-12 14:33:44.545: [INFO] BookmarkModelLoaded, ids_reassigned: 0
2026-09-12 14:33:44.545: [INFO] BookmarksLoadDropped droppedNodes=0
2026-09-12 14:33:44.545: [INFO] BookmarksSnapshot Startup total=0 bar=0 other=0 mobile=0 showBar=0 showBarNTP=1
2026-09-12 14:34:33.643: [INFO] BookmarksSnapshot Shutdown total=0 bar=0 other=0 mobile=0 showBar=0 showBarNTP=1
2026-09-12 14:35:45.142: [INFO] CurrentProfilePath: C:\Users\acbul\eclipse-workspace\.metadata\.plugins\org.eclipse.swt\EBWebView\Default
2026-09-12 14:35:45.142: [INFO] Profiles total count: 1
2026-09-12 14:35:45.142: [INFO] Profile: name=Profil 1 path=C:\Users\acbul\eclipse-workspace\.metadata\.plugins\org.eclipse.swt\EBWebView\Default lastActive=2026-09-11T17:51:14.171Z
2026-09-12 14:35:45.142: [INFO] LastUsedProfileDir: C:\Users\acbul\eclipse-workspace\.metadata\.plugins\org.eclipse.swt\EBWebView\Default
2026-09-12 14:35:45.142: [INFO] MostRecentlyActiveProfile: name=Profil 1 path=C:\Users\acbul\eclipse-workspace\.metadata\.plugins\org.eclipse.swt\EBWebView\Default lastActive=2026-09-11T17:51:14.171Z
2026-09-12 14:35:45.142: [INFO] OnDoneLoading sync enabled: 0
2026-09-12 14:35:45.142: [INFO] BookmarkModelLoaded, ids_reassigned: 0
2026-09-12 14:35:45.142: [INFO] BookmarksLoadDropped droppedNodes=0
2026-09-12 14:35:45.142: [INFO] BookmarksSnapshot Startup total=0 bar=0 other=0 mobile=0 showBar=0 showBarNTP=1
2026-09-12 19:55:09.571: [INFO] BookmarksSnapshot Shutdown total=0 bar=0 other=0 mobile=0 showBar=0 showBarNTP=1
2026-09-12 19:55:16.081: [INFO] CurrentProfilePath: C:\Users\acbul\eclipse-workspace\.metadata\.plugins\org.eclipse.swt\EBWebView\Default
2026-09-12 19:55:16.081: [INFO] Profiles total count: 1
2026-09-12 19:55:16.081: [INFO] Profile: name=Profil 1 path=C:\Users\acbul\eclipse-workspace\.metadata\.plugins\org.eclipse.swt\EBWebView\Default lastActive=2026-09-11T17:51:14.171Z
2026-09-12 19:55:16.081: [INFO] LastUsedProfileDir: C:\Users\acbul\eclipse-workspace\.metadata\.plugins\org.eclipse.swt\EBWebView\Default
2026-09-12 19:55:16.081: [INFO] MostRecentlyActiveProfile: name=Profil 1 path=C:\Users\acbul\eclipse-workspace\.metadata\.plugins\org.eclipse.swt\EBWebView\Default lastActive=2026-09-11T17:51:14.171Z
2026-09-12 19:55:16.081: [INFO] OnDoneLoading sync enabled: 0
2026-09-12 19:55:16.081: [INFO] BookmarkModelLoaded, ids_reassigned: 0
2026-09-12 19:55:16.081: [INFO] BookmarksLoadDropped droppedNodes=0
2026-09-12 19:55:16.081: [INFO] BookmarksSnapshot Startup total=0 bar=0 other=0 mobile=0 showBar=0 showBarNTP=1
2026-09-12 19:56:59.134: [INFO] BookmarksSnapshot Shutdown total=0 bar=0 other=0 mobile=0 showBar=0 showBarNTP=1
2026-09-12 20:04:17.126: [INFO] CurrentProfilePath: C:\Users\acbul\eclipse-workspace\.metadata\.plugins\org.eclipse.swt\EBWebView\Default
2026-09-12 20:04:17.126: [INFO] Profiles total count: 1
2026-09-12 20:04:17.126: [INFO] Profile: name=Profil 1 path=C:\Users\acbul\eclipse-workspace\.metadata\.plugins\org.eclipse.swt\EBWebView\Default lastActive=2026-09-11T17:51:14.171Z
2026-09-12 20:04:17.126: [INFO] LastUsedProfileDir: C:\Users\acbul\eclipse-workspace\.metadata\.plugins\org.eclipse.swt\EBWebView\Default
2026-09-12 20:04:17.126: [INFO] MostRecentlyActiveProfile: name=Profil 1 path=C:\Users\acbul\eclipse-workspace\.metadata\.plugins\org.eclipse.swt\EBWebView\Default lastActive=2026-09-11T17:51:14.171Z
2026-09-12 20:04:17.126: [INFO] OnDoneLoading sync enabled: 0
2026-09-12 20:04:17.126: [INFO] BookmarkModelLoaded, ids_reassigned: 0
2026-09-12 20:04:17.126: [INFO] BookmarksLoadDropped droppedNodes=0
2026-09-12 20:04:17.126: [INFO] BookmarksSnapshot Startup total=0 bar=0 other=0 mobile=0 showBar=0 showBarNTP=1
2026-09-12 20:04:21.514: [INFO] BookmarksSnapshot Shutdown total=0 bar=0 other=0 mobile=0 showBar=0 showBarNTP=1
2026-09-12 20:06:24.927: [INFO] CurrentProfilePath: C:\Users\acbul\eclipse-workspace\.metadata\.plugins\org.eclipse.swt\EBWebView\Default
2026-09-12 20:06:24.927: [INFO] Profiles total count: 1
2026-09-12 20:06:24.927: [INFO] Profile: name=Profil 1 path=C:\Users\acbul\eclipse-workspace\.metadata\.plugins\org.eclipse.swt\EBWebView\Default lastActive=2026-09-11T17:51:14.171Z
2026-09-12 20:06:24.927: [INFO] LastUsedProfileDir: C:\Users\acbul\eclipse-workspace\.metadata\.plugins\org.eclipse.swt\EBWebView\Default
2026-09-12 20:06:24.927: [INFO] MostRecentlyActiveProfile: name=Profil 1 path=C:\Users\acbul\eclipse-workspace\.metadata\.plugins\org.eclipse.swt\EBWebView\Default lastActive=2026-09-11T17:51:14.171Z
2026-09-12 20:06:24.927: [INFO] OnDoneLoading sync enabled: 0
2026-09-12 20:06:24.927: [INFO] BookmarkModelLoaded, ids_reassigned: 0
2026-09-12 20:06:24.927: [INFO] BookmarksLoadDropped droppedNodes=0
2026-09-12 20:06:24.927: [INFO] BookmarksSnapshot Startup total=0 bar=0 other=0 mobile=0 showBar=0 showBarNTP=1
2026-09-12 20:10:08.387: [INFO] BookmarksSnapshot Shutdown total=0 bar=0 other=0 mobile=0 showBar=0 showBarNTP=1
2026-09-12 20:19:16.713: [INFO] CurrentProfilePath: C:\Users\acbul\eclipse-workspace\.metadata\.plugins\org.eclipse.swt\EBWebView\Default
2026-09-12 20:19:16.713: [INFO] Profiles total count: 1
2026-09-12 20:19:16.713: [INFO] Profile: name=Profil 1 path=C:\Users\acbul\eclipse-workspace\.metadata\.plugins\org.eclipse.swt\EBWebView\Default lastActive=2026-09-11T17:51:14.171Z
2026-09-12 20:19:16.713: [INFO] LastUsedProfileDir: C:\Users\acbul\eclipse-workspace\.metadata\.plugins\org.eclipse.swt\EBWebView\Default
2026-09-12 20:19:16.713: [INFO] MostRecentlyActiveProfile: name=Profil 1 path=C:\Users\acbul\eclipse-workspace\.metadata\.plugins\org.eclipse.swt\EBWebView\Default lastActive=2026-09-11T17:51:14.171Z
2026-09-12 20:19:16.713: [INFO] OnDoneLoading sync enabled: 0
2026-09-12 20:19:16.713: [INFO] BookmarkModelLoaded, ids_reassigned: 0
2026-09-12 20:19:16.713: [INFO] BookmarksLoadDropped droppedNodes=0
2026-09-12 20:19:16.713: [INFO] BookmarksSnapshot Startup total=0 bar=0 other=0 mobile=0 showBar=0 showBarNTP=1
2026-09-12 20:19:19.512: [INFO] BookmarksSnapshot Shutdown total=0 bar=0 other=0 mobile=0 showBar=0 showBarNTP=1
2026-09-12 20:23:58.381: [INFO] CurrentProfilePath: C:\Users\acbul\eclipse-workspace\.metadata\.plugins\org.eclipse.swt\EBWebView\Default
2026-09-12 20:23:58.381: [INFO] Profiles total count: 1
2026-09-12 20:23:58.381: [INFO] Profile: name=Profil 1 path=C:\Users\acbul\eclipse-workspace\.metadata\.plugins\org.eclipse.swt\EBWebView\Default lastActive=2026-09-11T17:51:14.171Z
2026-09-12 20:23:58.381: [INFO] LastUsedProfileDir: C:\Users\acbul\eclipse-workspace\.metadata\.plugins\org.eclipse.swt\EBWebView\Default
2026-09-12 20:23:58.381: [INFO] MostRecentlyActiveProfile: name=Profil 1 path=C:\Users\acbul\eclipse-workspace\.metadata\.plugins\org.eclipse.swt\EBWebView\Default lastActive=2026-09-11T17:51:14.171Z
2026-09-12 20:23:58.381: [INFO] OnDoneLoading sync enabled: 0
2026-09-12 20:23:58.381: [INFO] BookmarkModelLoaded, ids_reassigned: 0
2026-09-12 20:23:58.381: [INFO] BookmarksLoadDropped droppedNodes=0
2026-09-12 20:23:58.381: [INFO] BookmarksSnapshot Startup total=0 bar=0 other=0 mobile=0 showBar=0 showBarNTP=1
2026-09-12 20:23:58.518: [INFO] BookmarksSnapshot Shutdown total=0 bar=0 other=0 mobile=0 showBar=0 showBarNTP=1
2026-09-12 20:30:36.970: [INFO] CurrentProfilePath: C:\Users\acbul\eclipse-workspace\.metadata\.plugins\org.eclipse.swt\EBWebView\Default
2026-09-12 20:30:36.970: [INFO] Profiles total count: 1
2026-09-12 20:30:36.970: [INFO] Profile: name=Profil 1 path=C:\Users\acbul\eclipse-workspace\.metadata\.plugins\org.eclipse.swt\EBWebView\Default lastActive=2026-09-11T17:51:14.171Z
2026-09-12 20:30:36.970: [INFO] LastUsedProfileDir: C:\Users\acbul\eclipse-workspace\.metadata\.plugins\org.eclipse.swt\EBWebView\Default
2026-09-12 20:30:36.970: [INFO] MostRecentlyActiveProfile: name=Profil 1 path=C:\Users\acbul\eclipse-workspace\.metadata\.plugins\org.eclipse.swt\EBWebView\Default lastActive=2026-09-11T17:51:14.171Z
2026-09-12 20:30:36.970: [INFO] OnDoneLoading sync enabled: 0
2026-09-12 20:30:36.970: [INFO] BookmarkModelLoaded, ids_reassigned: 0
2026-09-12 20:30:36.970: [INFO] BookmarksLoadDropped droppedNodes=0
2026-09-12 20:30:36.970: [INFO] BookmarksSnapshot Startup total=0 bar=0 other=0 mobile=0 showBar=0 showBarNTP=1
2026-09-12 23:00:04.029: [INFO] BookmarksSnapshot Shutdown total=0 bar=0 other=0 mobile=0 showBar=0 showBarNTP=1
2026-09-13 20:49:11.062: [INFO] CurrentProfilePath: C:\Users\acbul\eclipse-workspace\.metadata\.plugins\org.eclipse.swt\EBWebView\Default
2026-09-13 20:49:11.062: [INFO] Profiles total count: 1
2026-09-13 20:49:11.062: [INFO] Profile: name=Profil 1 path=C:\Users\acbul\eclipse-workspace\.metadata\.plugins\org.eclipse.swt\EBWebView\Default lastActive=2026-09-11T17:51:14.171Z
2026-09-13 20:49:11.062: [INFO] LastUsedProfileDir: C:\Users\acbul\eclipse-workspace\.metadata\.plugins\org.eclipse.swt\EBWebView\Default
2026-09-13 20:49:11.062: [INFO] MostRecentlyActiveProfile: name=Profil 1 path=C:\Users\acbul\eclipse-workspace\.metadata\.plugins\org.eclipse.swt\EBWebView\Default lastActive=2026-09-11T17:51:14.171Z
2026-09-13 20:49:11.062: [INFO] OnDoneLoading sync enabled: 0
2026-09-13 20:49:11.062: [INFO] BookmarkModelLoaded, ids_reassigned: 0
2026-09-13 20:49:11.062: [INFO] BookmarksLoadDropped droppedNodes=0
2026-09-13 20:49:11.062: [INFO] BookmarksSnapshot Startup total=0 bar=0 other=0 mobile=0 showBar=0 showBarNTP=1
2026-09-14 20:21:52.079: [INFO] BookmarksSnapshot Shutdown total=0 bar=0 other=0 mobile=0 showBar=0 showBarNTP=1
2026-09-26 19:39:13.207: [INFO] CurrentProfilePath: C:\Users\acbul\eclipse-workspace\.metadata\.plugins\org.eclipse.swt\EBWebView\Default
2026-09-26 19:39:13.207: [INFO] Profiles total count: 1
2026-09-26 19:39:13.207: [INFO] Profile: name=Profil 1 path=C:\Users\acbul\eclipse-workspace\.metadata\.plugins\org.eclipse.swt\EBWebView\Default lastActive=2026-09-15T19:10:36.777Z
2026-09-26 19:39:13.207: [INFO] LastUsedProfileDir: C:\Users\acbul\eclipse-workspace\.metadata\.plugins\org.eclipse.swt\EBWebView\Default
2026-09-26 19:39:13.207: [INFO] MostRecentlyActiveProfile: name=Profil 1 path=C:\Users\acbul\eclipse-workspace\.metadata\.plugins\org.eclipse.swt\EBWebView\Default lastActive=2026-09-15T19:10:36.777Z
2026-09-26 19:39:13.207: [INFO] OnDoneLoading sync enabled: 0
2026-09-26 19:39:13.207: [INFO] BookmarkModelLoaded, ids_reassigned: 0
2026-09-26 19:39:13.207: [INFO] BookmarksLoadDropped droppedNodes=0
2026-09-26 19:39:13.208: [INFO] BookmarksSnapshot Startup total=0 bar=0 other=0 mobile=0 showBar=0 showBarNTP=1
2026-09-26 19:41:51.388: [INFO] BookmarksSnapshot Shutdown total=0 bar=0 other=0 mobile=0 showBar=0 showBarNTP=1
2026-09-26 19:42:21.142: [INFO] CurrentProfilePath: C:\Users\acbul\eclipse-workspace\.metadata\.plugins\org.eclipse.swt\EBWebView\Default
2026-09-26 19:42:21.142: [INFO] Profiles total count: 1
2026-09-26 19:42:21.142: [INFO] Profile: name=Profil 1 path=C:\Users\acbul\eclipse-workspace\.metadata\.plugins\org.eclipse.swt\EBWebView\Default lastActive=2026-09-15T19:10:36.777Z
2026-09-26 19:42:21.142: [INFO] LastUsedProfileDir: C:\Users\acbul\eclipse-workspace\.metadata\.plugins\org.eclipse.swt\EBWebView\Default
2026-09-26 19:42:21.142: [INFO] MostRecentlyActiveProfile: name=Profil 1 path=C:\Users\acbul\eclipse-workspace\.metadata\.plugins\org.eclipse.swt\EBWebView\Default lastActive=2026-09-15T19:10:36.777Z
2026-09-26 19:42:21.142: [INFO] OnDoneLoading sync enabled: 0
2026-09-26 19:42:21.142: [INFO] BookmarkModelLoaded, ids_reassigned: 0
2026-09-26 19:42:21.142: [INFO] BookmarksLoadDropped droppedNodes=0
2026-09-26 19:42:21.142: [INFO] BookmarksSnapshot Startup total=0 bar=0 other=0 mobile=0 showBar=0 showBarNTP=1
2026-09-26 21:36:16.294: [INFO] BookmarksSnapshot Shutdown total=0 bar=0 other=0 mobile=0 showBar=0 showBarNTP=1
