{"logTime": "0926/193913", "level": "INFO", "message": "UserPrefStore loaded: error=NONE (0)"}
{"logTime": "0926/193913", "level": "INFO", "message": "Preference changed: name=extensions.last_chrome_version, new_value=\"154.0.4258.37\", source=unknown"}
{"logTime": "0926/193913", "level": "INFO", "message": "Preference changed: name=gaia_cookie.periodic_report_time_2, new_value=\"13434925153159538\", source=unknown"}
{"logTime": "0926/193913", "level": "INFO", "message": "Preference changed: name=optimization_guide.previously_registered_optimization_types, new_value=[object], source=unknown"}
{"logTime": "0926/193913", "level": "INFO", "message": "Preference changed: name=extensions.chrome_url_overrides, new_value=[object], source=unknown"}
{"logTime": "0926/193913", "level": "INFO", "message": "Preference changed: name=sessions.session_data_status, new_value=1, source=unknown"}
{"logTime": "0926/193913", "level": "INFO", "message": "Preference changed: name=sessions.event_log, new_value=[object], source=unknown"}
{"logTime": "0926/193913", "level": "INFO", "message": "Preference changed: name=optimization_guide.previously_registered_optimization_types, new_value=[object], source=unknown"}
{"logTime": "0926/193913", "level": "INFO", "message": "Preference changed: name=optimization_guide.previously_registered_optimization_types, new_value=[object], source=unknown"}
{"logTime": "0926/193913", "level": "INFO", "message": "Preference changed: name=optimization_guide.previously_registered_optimization_types, new_value=[object], source=unknown"}
{"logTime": "0926/193913", "level": "INFO", "message": "Preference changed: name=optimization_guide.previously_registered_optimization_types, new_value=[object], source=unknown"}
{"logTime": "0926/193913", "level": "INFO", "message": "Preference changed: name=optimization_guide.previously_registered_optimization_types, new_value=[object], source=unknown"}
{"logTime": "0926/193913", "level": "INFO", "message": "Preference changed: name=profile.network_pbs, new_value=[object], source=unknown"}
{"logTime": "0926/193913", "level": "INFO", "message": "Preference changed: name=extensions.settings, new_value=[object], source=unknown"}
{"logTime": "0926/193913", "level": "INFO", "message": "Preference changed: name=extensions.settings, new_value=[object], source=unknown"}
{"logTime": "0926/193913", "level": "INFO", "message": "Preference changed: name=profile.password_hash_data_list, new_value=[object], source=unknown"}
{"logTime": "0926/193913", "level": "INFO", "message": "Preference changed: name=schedule_to_flush_to_disk, new_value=\"13434925153206551\", source=unknown"}
{"logTime": "0926/193913", "level": "INFO", "message": "Preference changed: name=schedule_to_flush_to_disk, new_value=\"13434925153207448\", source=unknown"}
{"logTime": "0926/193913", "level": "INFO", "message": "Preference changed: name=muid.last_sync, new_value=\"13434925153207606\", source=unknown"}
{"logTime": "0926/193913", "level": "INFO", "message": "Preference changed: name=bookmark.storage_computation_last_update, new_value=\"13434925153207798\", source=unknown"}
{"logTime": "0926/193913", "level": "INFO", "message": "Preference changed: name=commerce_daily_metrics_last_update_time, new_value=\"13434925153208142\", source=unknown"}
{"logTime": "0926/193913", "level": "INFO", "message": "Preference changed: name=extensions.chrome_url_overrides, new_value=[object], source=unknown"}
{"logTime": "0926/193913", "level": "INFO", "message": "Preference changed: name=autofill.credit_card_enabled, new_value=false, source=unknown"}
{"logTime": "0926/193913", "level": "INFO", "message": "Preference changed: name=enable_edge_collections, new_value=false, source=unknown"}
{"logTime": "0926/193913", "level": "INFO", "message": "Preference changed: name=resolve_navigation_errors_use_web_service.enabled, new_value=false, source=unknown"}
{"logTime": "0926/193913", "level": "INFO", "message": "Preference changed: name=alternate_error_pages.enabled, new_value=false, source=unknown"}
{"logTime": "0926/193913", "level": "INFO", "message": "Preference changed: name=optimization_guide.previously_registered_optimization_types, new_value=[object], source=unknown"}
{"logTime": "0926/193913", "level": "INFO", "message": "Preference changed: name=in_product_help.session_start_time, new_value=\"13434925153342199\", source=unknown"}
{"logTime": "0926/193913", "level": "INFO", "message": "Preference changed: name=in_product_help.session_number, new_value=7, source=unknown"}
{"logTime": "0926/193913", "level": "INFO", "message": "Preference changed: name=in_product_help.session_last_active_time, new_value=\"13434925153342199\", source=unknown"}
{"logTime": "0926/193913", "level": "INFO", "message": "Preference changed: name=in_product_help.recent_session_start_times, new_value=[object], source=unknown"}
{"logTime": "0926/193913", "level": "INFO", "message": "Preference changed: name=optimization_guide.previously_registered_optimization_types, new_value=[object], source=unknown"}
{"logTime": "0926/193913", "level": "INFO", "message": "Preference changed: name=profile.content_settings.exceptions.storage_access_header_origin_trial, new_value=[object], source=unknown"}
{"logTime": "0926/193913", "level": "INFO", "message": "Preference changed: name=profile.content_settings.exceptions.site_engagement, new_value=[object], source=unknown"}
{"logTime": "0926/193913", "level": "INFO", "message": "Preference changed: name=profile.last_engagement_time, new_value=\"13434896353480754\", source=unknown"}
{"logTime": "0926/193913", "level": "INFO", "message": "Preference changed: name=edge.services.signin_scoped_device_id, new_value=\"f19396f0-8f1d-45b7-88e9-269683744aea\", source=unknown"}
{"logTime": "0926/193913", "level": "INFO", "message": "Preference changed: name=account_tracker_service_last_update, new_value=\"13434925153535627\", source=unknown"}
{"logTime": "0926/193913", "level": "INFO", "message": "Preference changed: name=autofill.last_version_deduped, new_value=154, source=unknown"}
{"logTime": "0926/193913", "level": "INFO", "message": "Preference changed: name=optimization_guide.previously_registered_optimization_types, new_value=[object], source=unknown"}
{"logTime": "0926/193913", "level": "INFO", "message": "Preference changed: name=autocomplete.retention_policy_last_version, new_value=154, source=unknown"}
{"logTime": "0926/193913", "level": "INFO", "message": "Preference changed: name=edge_rewards.refresh_status_muted_until, new_value=\"13435529953672986\", source=unknown"}
{"logTime": "0926/193913", "level": "INFO", "message": "Preference changed: name=fsd.retention_policy_last_version, new_value=154, source=unknown"}
{"logTime": "0926/193914", "level": "INFO", "message": "Preference changed: name=profile.content_settings.exceptions.site_engagement, new_value=[object], source=unknown"}
{"logTime": "0926/193914", "level": "INFO", "message": "Preference changed: name=profile.last_engagement_time, new_value=\"13434925154521105\", source=unknown"}
{"logTime": "0926/193914", "level": "INFO", "message": "Preference changed: name=profile.content_settings.exceptions.site_engagement, new_value=[object], source=unknown"}
{"logTime": "0926/193914", "level": "INFO", "message": "Preference changed: name=profile.last_engagement_time, new_value=\"13434925154530564\", source=unknown"}
{"logTime": "0926/193914", "level": "INFO", "message": "Preference changed: name=language_model_counters, new_value=[object], source=unknown"}
{"logTime": "0926/193923", "level": "INFO", "message": "PrefStore write completed: store=4, success=true"}
{"logTime": "0926/193923", "level": "INFO", "message": "PrefStore write completed: store=4, success=true"}
{"logTime": "0926/193923", "level": "INFO", "message": "Preference changed: name=edge.bookmarks.last_dup_info_record_time, new_value=\"13434925163216008\", source=unknown"}
{"logTime": "0926/193933", "level": "INFO", "message": "PrefStore write completed: store=4, success=true"}
{"logTime": "0926/193943", "level": "INFO", "message": "Preference changed: name=profile.last_time_password_store_metrics_reported, new_value=1790451583.173769, source=unknown"}
{"logTime": "0926/193943", "level": "INFO", "message": "Preference changed: name=edge_wallet.passwords.password_lost_report_date, new_value=\"13434925183174218\", source=unknown"}
{"logTime": "0926/193953", "level": "INFO", "message": "PrefStore write completed: store=4, success=true"}
{"logTime": "0926/194151", "level": "INFO", "message": "Preference changed: name=language_dwell_time_average, new_value=[object], source=unknown"}
{"logTime": "0926/194151", "level": "INFO", "message": "Preference changed: name=language_usage_count, new_value=[object], source=unknown"}
{"logTime": "0926/194151", "level": "INFO", "message": "Preference changed: name=profile.content_settings.exceptions.media_engagement, new_value=[object], source=unknown"}
{"logTime": "0926/194151", "level": "INFO", "message": "Preference changed: name=sessions.event_log, new_value=[object], source=unknown"}
{"logTime": "0926/194151", "level": "INFO", "message": "Preference changed: name=language_dwell_time_average, new_value=[object], source=unknown"}
{"logTime": "0926/194151", "level": "INFO", "message": "Preference changed: name=language_usage_count, new_value=[object], source=unknown"}
{"logTime": "0926/194151", "level": "INFO", "message": "Preference changed: name=profile.content_settings.exceptions.media_engagement, new_value=[object], source=unknown"}
{"logTime": "0926/194151", "level": "INFO", "message": "Preference changed: name=sessions.session_data_status, new_value=2, source=unknown"}
{"logTime": "0926/194151", "level": "INFO", "message": "Preference changed: name=sessions.session_data_status, new_value=3, source=unknown"}
{"logTime": "0926/194221", "level": "INFO", "message": "UserPrefStore loaded: error=NONE (0)"}
{"logTime": "0926/194221", "level": "INFO", "message": "Preference changed: name=optimization_guide.previously_registered_optimization_types, new_value=[object], source=unknown"}
{"logTime": "0926/194221", "level": "INFO", "message": "Preference changed: name=extensions.chrome_url_overrides, new_value=[object], source=unknown"}
{"logTime": "0926/194221", "level": "INFO", "message": "Preference changed: name=sessions.session_data_status, new_value=1, source=unknown"}
{"logTime": "0926/194221", "level": "INFO", "message": "Preference changed: name=sessions.event_log, new_value=[object], source=unknown"}
{"logTime": "0926/194221", "level": "INFO", "message": "Preference changed: name=optimization_guide.previously_registered_optimization_types, new_value=[object], source=unknown"}
{"logTime": "0926/194221", "level": "INFO", "message": "Preference changed: name=optimization_guide.previously_registered_optimization_types, new_value=[object], source=unknown"}
{"logTime": "0926/194221", "level": "INFO", "message": "Preference changed: name=optimization_guide.previously_registered_optimization_types, new_value=[object], source=unknown"}
{"logTime": "0926/194221", "level": "INFO", "message": "Preference changed: name=optimization_guide.previously_registered_optimization_types, new_value=[object], source=unknown"}
{"logTime": "0926/194221", "level": "INFO", "message": "Preference changed: name=optimization_guide.previously_registered_optimization_types, new_value=[object], source=unknown"}
{"logTime": "0926/194221", "level": "INFO", "message": "Preference changed: name=profile.network_pbs, new_value=[object], source=unknown"}
{"logTime": "0926/194221", "level": "INFO", "message": "Preference changed: name=profile.password_hash_data_list, new_value=[object], source=unknown"}
{"logTime": "0926/194221", "level": "INFO", "message": "Preference changed: name=schedule_to_flush_to_disk, new_value=\"13434925341140757\", source=unknown"}
{"logTime": "0926/194221", "level": "INFO", "message": "Preference changed: name=schedule_to_flush_to_disk, new_value=\"13434925341141701\", source=unknown"}
{"logTime": "0926/194221", "level": "INFO", "message": "Preference changed: name=extensions.chrome_url_overrides, new_value=[object], source=unknown"}
{"logTime": "0926/194221", "level": "INFO", "message": "Preference changed: name=edge.services.signin_scoped_device_id, new_value=\"325473ca-c518-4381-b7ef-f5e540aaa4fc\", source=unknown"}
{"logTime": "0926/194221", "level": "INFO", "message": "Preference changed: name=optimization_guide.previously_registered_optimization_types, new_value=[object], source=unknown"}
{"logTime": "0926/194221", "level": "INFO", "message": "Preference changed: name=autofill.credit_card_enabled, new_value=false, source=unknown"}
{"logTime": "0926/194221", "level": "INFO", "message": "Preference changed: name=enable_edge_collections, new_value=false, source=unknown"}
{"logTime": "0926/194221", "level": "INFO", "message": "Preference changed: name=resolve_navigation_errors_use_web_service.enabled, new_value=false, source=unknown"}
{"logTime": "0926/194221", "level": "INFO", "message": "Preference changed: name=alternate_error_pages.enabled, new_value=false, source=unknown"}
{"logTime": "0926/194221", "level": "INFO", "message": "Preference changed: name=optimization_guide.previously_registered_optimization_types, new_value=[object], source=unknown"}
{"logTime": "0926/194221", "level": "INFO", "message": "Preference changed: name=in_product_help.session_last_active_time, new_value=\"13434925341266187\", source=unknown"}
{"logTime": "0926/194221", "level": "INFO", "message": "Preference changed: name=optimization_guide.previously_registered_optimization_types, new_value=[object], source=unknown"}
{"logTime": "0926/194221", "level": "INFO", "message": "Preference changed: name=profile.content_settings.exceptions.storage_access_header_origin_trial, new_value=[object], source=unknown"}
{"logTime": "0926/194222", "level": "INFO", "message": "Preference changed: name=edge_rewards.coachmark_promotions, new_value=[object], source=unknown"}
{"logTime": "0926/194222", "level": "INFO", "message": "Preference changed: name=edge_rewards.hva_promotions, new_value=[object], source=unknown"}
{"logTime": "0926/194222", "level": "INFO", "message": "Preference changed: name=profile.content_settings.exceptions.site_engagement, new_value=[object], source=unknown"}
{"logTime": "0926/194222", "level": "INFO", "message": "Preference changed: name=profile.last_engagement_time, new_value=\"13434925342666614\", source=unknown"}
{"logTime": "0926/194222", "level": "INFO", "message": "Preference changed: name=profile.content_settings.exceptions.site_engagement, new_value=[object], source=unknown"}
{"logTime": "0926/194222", "level": "INFO", "message": "Preference changed: name=profile.last_engagement_time, new_value=\"13434925342736069\", source=unknown"}
{"logTime": "0926/194222", "level": "INFO", "message": "Preference changed: name=language_model_counters, new_value=[object], source=unknown"}
{"logTime": "0926/194224", "level": "INFO", "message": "Preference changed: name=profile.content_settings.exceptions.media_engagement, new_value=[object], source=unknown"}
{"logTime": "0926/194224", "level": "INFO", "message": "Preference changed: name=sessions.event_log, new_value=[object], source=unknown"}
{"logTime": "0926/194231", "level": "INFO", "message": "PrefStore write completed: store=4, success=true"}
{"logTime": "0926/194231", "level": "INFO", "message": "PrefStore write completed: store=4, success=true"}
{"logTime": "0926/195103", "level": "INFO", "message": "Preference changed: name=language_model_counters, new_value=[object], source=unknown"}
{"logTime": "0926/200556", "level": "INFO", "message": "Preference changed: name=language_dwell_time_average, new_value=[object], source=unknown"}
{"logTime": "0926/200556", "level": "INFO", "message": "Preference changed: name=language_usage_count, new_value=[object], source=unknown"}
{"logTime": "0926/200556", "level": "INFO", "message": "Preference changed: name=language_model_counters, new_value=[object], source=unknown"}
{"logTime": "0926/200606", "level": "INFO", "message": "PrefStore write completed: store=4, success=true"}
{"logTime": "0926/213616", "level": "INFO", "message": "Preference changed: name=language_dwell_time_average, new_value=[object], source=unknown"}
{"logTime": "0926/213616", "level": "INFO", "message": "Preference changed: name=language_usage_count, new_value=[object], source=unknown"}
{"logTime": "0926/213616", "level": "INFO", "message": "Preference changed: name=profile.content_settings.exceptions.media_engagement, new_value=[object], source=unknown"}
{"logTime": "0926/213616", "level": "INFO", "message": "Preference changed: name=sessions.session_data_status, new_value=2, source=unknown"}
{"logTime": "0926/213616", "level": "INFO", "message": "Preference changed: name=sessions.session_data_status, new_value=3, source=unknown"}
